
MacOS or linux terminal command to create your ssh tunnel:
ssh -N -L 9073:a100-4027:9073 im2178@ 

For more info and how to connect from windows, 
   see research.computing.yale.edu/jupyter-nb
Here is the MobaXterm info:

Forwarded port:same as remote port
Remote server: a100-4027
Remote port: 9073
SSH server: 
SSH login: im2178
SSH port: 22
Use a Browser on your local machine to go to:
http://localhost:9073  (prefix w/ https:// if using password)
Use the token string from the URL printed below and add it to the URL above


     active environment : arcenv
    active env location : /gpfs/data/oermannlab/users/im2178/.conda/envs/arcenv
            shell level : 2
       user config file : /gpfs/data/oermannlab/users/im2178/.condarc
 populated config files : 
          conda version : 4.13.0
    conda-build version : not installed
         python version : 3.8.5.final.0
       virtual packages : __cuda=12.9=0
                          __linux=4.18.0=0
                          __glibc=2.28=0
                          __unix=0=0
                          __archspec=1=x86_64
       base environment : /gpfs/share/apps/miniconda3/gpu/4.9.2  (read only)
      conda av data dir : /gpfs/share/apps/miniconda3/gpu/4.9.2/etc/conda
  conda av metadata url : None
           channel URLs : https://repo.anaconda.com/pkgs/main/linux-64
                          https://repo.anaconda.com/pkgs/main/noarch
                          https://repo.anaconda.com/pkgs/r/linux-64
                          https://repo.anaconda.com/pkgs/r/noarch
          package cache : /gpfs/share/apps/miniconda3/gpu/4.9.2/pkgs
                          /gpfs/data/oermannlab/users/im2178/.conda/pkgs
       envs directories : /gpfs/data/oermannlab/users/im2178/.conda/envs
                          /gpfs/share/apps/miniconda3/gpu/4.9.2/envs
               platform : linux-64
             user-agent : conda/4.13.0 requests/2.27.1 CPython/3.8.5 Linux/4.18.0-477.27.1.el8_8.x86_64 rhel/8.8 glibc/2.28
                UID:GID : 1024294746:1024306852
             netrc file : /gpfs/data/oermannlab/users/im2178/.netrc
           offline mode : False

conda activated
/gpfs/share/apps/miniconda3/gpu/4.9.2/lib/python3.8/site-packages/requests/__init__.py:102: RequestsDependencyWarning: urllib3 (1.26.8) or chardet (5.2.0)/charset_normalizer (2.0.4) doesn't match a supported version!
  warnings.warn("urllib3 ({}) or chardet ({})/charset_normalizer ({}) doesn't match a supported "
[I 2025-11-19 11:15:28.667 ServerApp] Extension package jupyter_lsp took 0.2337s to import
[I 2025-11-19 11:15:31.053 ServerApp] jupyter_lsp | extension was successfully linked.
[I 2025-11-19 11:15:31.057 ServerApp] jupyter_server_terminals | extension was successfully linked.
[I 2025-11-19 11:15:31.060 ServerApp] jupyterlab | extension was successfully linked.
[I 2025-11-19 11:15:31.063 ServerApp] notebook | extension was successfully linked.
[I 2025-11-19 11:15:35.200 ServerApp] notebook_shim | extension was successfully linked.
[I 2025-11-19 11:15:35.388 ServerApp] notebook_shim | extension was successfully loaded.
[I 2025-11-19 11:15:35.390 ServerApp] jupyter_lsp | extension was successfully loaded.
[I 2025-11-19 11:15:35.390 ServerApp] jupyter_server_terminals | extension was successfully loaded.
[I 2025-11-19 11:15:35.397 LabApp] JupyterLab extension loaded from /gpfs/data/oermannlab/users/im2178/.conda/envs/arcenv/lib/python3.11/site-packages/jupyterlab
[I 2025-11-19 11:15:35.398 LabApp] JupyterLab application directory is /gpfs/data/oermannlab/users/im2178/.conda/envs/arcenv/share/jupyter/lab
[I 2025-11-19 11:15:35.398 LabApp] Extension Manager is 'pypi'.
[I 2025-11-19 11:15:35.422 ServerApp] jupyterlab | extension was successfully loaded.
[I 2025-11-19 11:15:35.425 ServerApp] notebook | extension was successfully loaded.
[I 2025-11-19 11:15:35.425 ServerApp] Serving notebooks from local directory: /gpfs/data/oermannlab/users/im2178/class-representation-icl
[I 2025-11-19 11:15:35.426 ServerApp] Jupyter Server 2.16.0 is running at:
[I 2025-11-19 11:15:35.427 ServerApp] http://a100-4027:9073/tree?token=8cc2f54c4b523766fbe77f1d697cf253c080bc67089a21ac
[I 2025-11-19 11:15:35.427 ServerApp]     http://127.0.0.1:9073/tree?token=8cc2f54c4b523766fbe77f1d697cf253c080bc67089a21ac
[I 2025-11-19 11:15:35.427 ServerApp] Use Control-C to stop this server and shut down all kernels (twice to skip confirmation).
[C 2025-11-19 11:15:39.121 ServerApp] 
    
    To access the server, open this file in a browser:
        file:///gpfs/data/oermannlab/users/im2178/.local/share/jupyter/runtime/jpserver-1842542-open.html
    Or copy and paste one of these URLs:
        http://a100-4027:9073/tree?token=8cc2f54c4b523766fbe77f1d697cf253c080bc67089a21ac
        http://127.0.0.1:9073/tree?token=8cc2f54c4b523766fbe77f1d697cf253c080bc67089a21ac
[I 2025-11-19 11:15:39.217 ServerApp] Skipped non-installed server(s): bash-language-server, dockerfile-language-server-nodejs, javascript-typescript-langserver, jedi-language-server, julia-language-server, pyright, python-language-server, python-lsp-server, r-languageserver, sql-language-server, texlab, typescript-language-server, unified-language-server, vscode-css-languageserver-bin, vscode-html-languageserver-bin, vscode-json-languageserver-bin, yaml-language-server
[I 2025-11-19 11:16:35.906 ServerApp] 302 GET / (@192.168.0.103) 0.34ms
[I 2025-11-19 11:16:35.909 JupyterNotebookApp] 302 GET /tree? (@192.168.0.103) 0.37ms
[I 2025-11-19 11:16:36.820 ServerApp] 302 GET / (@192.168.0.103) 0.26ms
[I 2025-11-19 11:16:36.824 JupyterNotebookApp] 302 GET /tree? (@192.168.0.103) 0.26ms
[I 2025-11-19 11:16:39.920 ServerApp] 302 GET / (@192.168.0.103) 0.24ms
[I 2025-11-19 11:16:39.922 JupyterNotebookApp] 302 GET /tree? (@192.168.0.103) 0.26ms
[I 2025-11-19 11:16:41.188 ServerApp] Kernel started: d5222338-23d5-4d23-9d18-3e55b83271a9
[I 2025-11-19 11:16:45.527 ServerApp] Connecting to kernel d5222338-23d5-4d23-9d18-3e55b83271a9.
[W 2025-11-19 11:16:45.528 ServerApp] The websocket_ping_timeout (90000) cannot be longer than the websocket_ping_interval (30000).
    Setting websocket_ping_timeout=30000
2025-11-19 11:17:57.524508: I tensorflow/core/util/port.cc:113] oneDNN custom operations are on. You may see slightly different numerical results due to floating-point round-off errors from different computation orders. To turn them off, set the environment variable `TF_ENABLE_ONEDNN_OPTS=0`.
2025-11-19 11:17:59.408668: E external/local_xla/xla/stream_executor/cuda/cuda_dnn.cc:9261] Unable to register cuDNN factory: Attempting to register factory for plugin cuDNN when one has already been registered
2025-11-19 11:17:59.408709: E external/local_xla/xla/stream_executor/cuda/cuda_fft.cc:607] Unable to register cuFFT factory: Attempting to register factory for plugin cuFFT when one has already been registered
2025-11-19 11:17:59.530015: E external/local_xla/xla/stream_executor/cuda/cuda_blas.cc:1515] Unable to register cuBLAS factory: Attempting to register factory for plugin cuBLAS when one has already been registered
2025-11-19 11:17:59.649847: I tensorflow/core/platform/cpu_feature_guard.cc:182] This TensorFlow binary is optimized to use available CPU instructions in performance-critical operations.
To enable the following instructions: AVX2 AVX512F AVX512_VNNI FMA, in other operations, rebuild TensorFlow with the appropriate compiler flags.
2025-11-19 11:18:10.341920: W tensorflow/compiler/tf2tensorrt/utils/py_utils.cc:38] TF-TRT Warning: Could not find TensorRT
[I 2025-11-19 15:37:56.043 ServerApp] Starting buffering for d5222338-23d5-4d23-9d18-3e55b83271a9:7801edfb-0a5a-46a0-ae4b-abadc98d96dd
[2025-11-19T17:15:33.003] error: *** JOB 13180139 ON a100-4027 CANCELLED AT 2025-11-19T17:15:33 DUE TO TIME LIMIT ***
