
MacOS or linux terminal command to create your ssh tunnel:
ssh -N -L 8605:a100-4005:8605 im2178@ 

For more info and how to connect from windows, 
   see research.computing.yale.edu/jupyter-nb
Here is the MobaXterm info:

Forwarded port:same as remote port
Remote server: a100-4005
Remote port: 8605
SSH server: 
SSH login: im2178
SSH port: 22
Use a Browser on your local machine to go to:
http://localhost:8605  (prefix w/ https:// if using password)
Use the token string from the URL printed below and add it to the URL above


     active environment : arcenv
    active env location : /gpfs/data/oermannlab/users/im2178/.conda/envs/arcenv
            shell level : 2
       user config file : /gpfs/data/oermannlab/users/im2178/.condarc
 populated config files : 
          conda version : 4.13.0
    conda-build version : not installed
         python version : 3.8.5.final.0
       virtual packages : __cuda=12.6=0
                          __linux=4.18.0=0
                          __glibc=2.28=0
                          __unix=0=0
                          __archspec=1=x86_64
       base environment : /gpfs/share/apps/miniconda3/gpu/4.9.2  (read only)
      conda av data dir : /gpfs/share/apps/miniconda3/gpu/4.9.2/etc/conda
  conda av metadata url : None
           channel URLs : https://repo.anaconda.com/pkgs/main/linux-64
                          https://repo.anaconda.com/pkgs/main/noarch
                          https://repo.anaconda.com/pkgs/r/linux-64
                          https://repo.anaconda.com/pkgs/r/noarch
          package cache : /gpfs/share/apps/miniconda3/gpu/4.9.2/pkgs
                          /gpfs/data/oermannlab/users/im2178/.conda/pkgs
       envs directories : /gpfs/data/oermannlab/users/im2178/.conda/envs
                          /gpfs/share/apps/miniconda3/gpu/4.9.2/envs
               platform : linux-64
             user-agent : conda/4.13.0 requests/2.27.1 CPython/3.8.5 Linux/4.18.0-477.27.1.el8_8.x86_64 rhel/8.8 glibc/2.28
                UID:GID : 1024294746:1024306852
             netrc file : /gpfs/data/oermannlab/users/im2178/.netrc
           offline mode : False

conda activated
/gpfs/share/apps/miniconda3/gpu/4.9.2/lib/python3.8/site-packages/requests/__init__.py:102: RequestsDependencyWarning: urllib3 (1.26.8) or chardet (5.2.0)/charset_normalizer (2.0.4) doesn't match a supported version!
  warnings.warn("urllib3 ({}) or chardet ({})/charset_normalizer ({}) doesn't match a supported "
[I 2025-07-04 06:52:44.677 ServerApp] Extension package jupyter_lsp took 0.2598s to import
[W 2025-07-04 06:52:44.677 ServerApp] A `_jupyter_server_extension_points` function was not found in jupyter_lsp. Instead, a `_jupyter_server_extension_paths` function was found and will be used for now. This function name will be deprecated in future releases of Jupyter Server.
[I 2025-07-04 06:52:44.822 ServerApp] Extension package jupyter_server_terminals took 0.1452s to import
[W 2025-07-04 06:52:47.294 ServerApp] A `_jupyter_server_extension_points` function was not found in notebook_shim. Instead, a `_jupyter_server_extension_paths` function was found and will be used for now. This function name will be deprecated in future releases of Jupyter Server.
[I 2025-07-04 06:52:47.311 ServerApp] jupyter_lsp | extension was successfully linked.
[I 2025-07-04 06:52:47.316 ServerApp] jupyter_server_terminals | extension was successfully linked.
[I 2025-07-04 06:52:47.319 ServerApp] jupyterlab | extension was successfully linked.
[I 2025-07-04 06:52:47.321 ServerApp] notebook | extension was successfully linked.
[I 2025-07-04 06:52:52.399 ServerApp] notebook_shim | extension was successfully linked.
[I 2025-07-04 06:52:52.717 ServerApp] notebook_shim | extension was successfully loaded.
[I 2025-07-04 06:52:52.720 ServerApp] jupyter_lsp | extension was successfully loaded.
[I 2025-07-04 06:52:52.721 ServerApp] jupyter_server_terminals | extension was successfully loaded.
[I 2025-07-04 06:52:52.728 LabApp] JupyterLab extension loaded from /gpfs/data/oermannlab/users/im2178/.conda/envs/arcenv/lib/python3.11/site-packages/jupyterlab
[I 2025-07-04 06:52:52.729 LabApp] JupyterLab application directory is /gpfs/data/oermannlab/users/im2178/.conda/envs/arcenv/share/jupyter/lab
[I 2025-07-04 06:52:52.731 LabApp] Extension Manager is 'pypi'.
[I 2025-07-04 06:52:52.785 ServerApp] jupyterlab | extension was successfully loaded.
[I 2025-07-04 06:52:52.788 ServerApp] notebook | extension was successfully loaded.
[I 2025-07-04 06:52:52.788 ServerApp] Serving notebooks from local directory: /gpfs/data/oermannlab/users/im2178/class-representation-icl
[I 2025-07-04 06:52:52.788 ServerApp] Jupyter Server 2.14.1 is running at:
[I 2025-07-04 06:52:52.788 ServerApp] http://a100-4005:8605/tree?token=1ef7832035176efb6874aacb1eb14ada0e75767a587aeb0b
[I 2025-07-04 06:52:52.788 ServerApp]     http://127.0.0.1:8605/tree?token=1ef7832035176efb6874aacb1eb14ada0e75767a587aeb0b
[I 2025-07-04 06:52:52.788 ServerApp] Use Control-C to stop this server and shut down all kernels (twice to skip confirmation).
[C 2025-07-04 06:52:52.798 ServerApp] 
    
    To access the server, open this file in a browser:
        file:///gpfs/data/oermannlab/users/im2178/.local/share/jupyter/runtime/jpserver-1618092-open.html
    Or copy and paste one of these URLs:
        http://a100-4005:8605/tree?token=1ef7832035176efb6874aacb1eb14ada0e75767a587aeb0b
        http://127.0.0.1:8605/tree?token=1ef7832035176efb6874aacb1eb14ada0e75767a587aeb0b
[I 2025-07-04 06:52:52.914 ServerApp] Skipped non-installed server(s): bash-language-server, dockerfile-language-server-nodejs, javascript-typescript-langserver, jedi-language-server, julia-language-server, pyright, python-language-server, python-lsp-server, r-languageserver, sql-language-server, texlab, typescript-language-server, unified-language-server, vscode-css-languageserver-bin, vscode-html-languageserver-bin, vscode-json-languageserver-bin, yaml-language-server
[I 2025-07-04 06:54:11.266 ServerApp] 302 GET / (@192.168.0.104) 0.33ms
[I 2025-07-04 06:54:11.268 JupyterNotebookApp] 302 GET /tree? (@192.168.0.104) 0.35ms
[I 2025-07-04 06:54:13.390 ServerApp] 302 GET / (@192.168.0.104) 0.26ms
[I 2025-07-04 06:54:13.392 JupyterNotebookApp] 302 GET /tree? (@192.168.0.104) 0.28ms
[I 2025-07-04 06:54:17.897 ServerApp] 302 GET / (@192.168.0.104) 0.26ms
[I 2025-07-04 06:54:17.898 JupyterNotebookApp] 302 GET /tree? (@192.168.0.104) 0.27ms
[I 2025-07-04 06:54:17.975 ServerApp] Kernel started: bb3bc668-5dc8-4048-baf8-e1e0a5e67eaa
[I 2025-07-04 06:54:30.069 ServerApp] Connecting to kernel bb3bc668-5dc8-4048-baf8-e1e0a5e67eaa.
slurmstepd-a100-4005: error: *** JOB 1113200 ON a100-4005 CANCELLED AT 2025-07-04T12:52:40 DUE TO TIME LIMIT ***
